
> my-app@0.1.0 build
> next build

   Ôû▓ Next.js 15.4.4

   Creating an optimized production build ...
 Ô£ô Compiled successfully in 4.0s
   Linting and checking validity of types ...
